// Jest Snapshot v1, https://goo.gl/fbAQLP

exports[`Icons flip when boolean state flips should show collapse 1`] = `ShallowWrapper {}`;
